[2025-10-11 12:05:20] UID: 47a97NRf1wSoq4a63fZN8Kpa8jo1 | ACTION: KEY_RETRIEVED | DETAILS: Key created/retrieved. Key snippet: 0d8664da...
[2025-10-11 12:05:41] UID: 47a97NRf1wSoq4a63fZN8Kpa8jo1 | ACTION: DOCUMENT_UPLOADED | DETAILS: File: genuine_24.png.encrypted
[2025-10-11 12:06:12] UID: 47a97NRf1wSoq4a63fZN8Kpa8jo1 | ACTION: DOCUMENT_UPLOADED | DETAILS: File: WhatsApp Image 2025-10-03 at 8.54.54 PM.jpeg.encrypted
[2025-10-11 12:06:13] UID: 47a97NRf1wSoq4a63fZN8Kpa8jo1 | ACTION: AI_ANALYSIS_COMPLETED | DETAILS: Doc: FORGED, Sig(Old): GENUINE_SIGNATURE
[2025-10-11 12:06:30] UID: 47a97NRf1wSoq4a63fZN8Kpa8jo1 | ACTION: DOCUMENT_UPLOADED | DETAILS: File: 02_preliminary pages(4)_page_2.png.encrypted
[2025-10-11 12:06:32] UID: 47a97NRf1wSoq4a63fZN8Kpa8jo1 | ACTION: AI_ANALYSIS_COMPLETED | DETAILS: Doc: FORGED, Sig(Old): FORGED_SIGNATURE
[2025-10-11 12:07:17] UID: 47a97NRf1wSoq4a63fZN8Kpa8jo1 | ACTION: KEY_RETRIEVED | DETAILS: Key created/retrieved. Key snippet: 0d8664da...
[2025-10-11 12:07:39] UID: 47a97NRf1wSoq4a63fZN8Kpa8jo1 | ACTION: DOCUMENT_UPLOADED | DETAILS: File: genuine_1.png.encrypted
[2025-10-11 12:07:41] UID: 47a97NRf1wSoq4a63fZN8Kpa8jo1 | ACTION: AI_ANALYSIS_COMPLETED | DETAILS: Doc: FORGED, Sig(Old): GENUINE_SIGNATURE
[2025-10-11 12:14:32] UID: 47a97NRf1wSoq4a63fZN8Kpa8jo1 | ACTION: KEY_RETRIEVED | DETAILS: Key created/retrieved. Key snippet: 0d8664da...
[2025-10-11 12:23:41] UID: 47a97NRf1wSoq4a63fZN8Kpa8jo1 | ACTION: KEY_RETRIEVED | DETAILS: Key created/retrieved. Key snippet: 0d8664da...
[2025-10-11 12:24:25] UID: 47a97NRf1wSoq4a63fZN8Kpa8jo1 | ACTION: DOCUMENT_UPLOADED | DETAILS: File: genuine_25.png.encrypted
[2025-10-11 12:24:27] UID: 47a97NRf1wSoq4a63fZN8Kpa8jo1 | ACTION: AI_ANALYSIS_COMPLETED | DETAILS: Doc: FORGED, Sig(Old): GENUINE_SIGNATURE
[2025-10-11 12:24:56] UID: 47a97NRf1wSoq4a63fZN8Kpa8jo1 | ACTION: DOCUMENT_UPLOADED | DETAILS: File: 02_preliminary pages(6)_page_1.png.encrypted
[2025-10-11 12:25:12] UID: 47a97NRf1wSoq4a63fZN8Kpa8jo1 | ACTION: DOCUMENT_UPLOADED | DETAILS: File: 02_preliminary pages(8)_page_1.png.encrypted
[2025-10-11 12:25:57] UID: 47a97NRf1wSoq4a63fZN8Kpa8jo1 | ACTION: DOCUMENT_UPLOADED | DETAILS: File: 02_preliminary pages (5)_page_1.png.encrypted
[2025-10-11 12:26:03] UID: 47a97NRf1wSoq4a63fZN8Kpa8jo1 | ACTION: DOCUMENT_UPLOADED | DETAILS: File: 02_preliminary pages (5)_page_1.png.encrypted
[2025-10-11 12:26:14] UID: 47a97NRf1wSoq4a63fZN8Kpa8jo1 | ACTION: DOCUMENT_UPLOADED | DETAILS: File: nad_report_page_2.png.encrypted
[2025-10-11 12:26:16] UID: 47a97NRf1wSoq4a63fZN8Kpa8jo1 | ACTION: AI_ANALYSIS_COMPLETED | DETAILS: Doc: FORGED, Sig(Old): GENUINE_SIGNATURE
[2025-10-11 12:27:54] UID: 47a97NRf1wSoq4a63fZN8Kpa8jo1 | ACTION: KEY_RETRIEVED | DETAILS: Key created/retrieved. Key snippet: 0d8664da...
[2025-10-11 13:31:33] UID: 47a97NRf1wSoq4a63fZN8Kpa8jo1 | ACTION: KEY_RETRIEVED | DETAILS: Key created/retrieved. Key snippet: 0d8664da...
[2025-10-11 13:31:56] UID: 47a97NRf1wSoq4a63fZN8Kpa8jo1 | ACTION: DOCUMENT_UPLOADED | DETAILS: File: 02_certificate (1)_page_1.png.encrypted
[2025-10-11 13:32:17] UID: 47a97NRf1wSoq4a63fZN8Kpa8jo1 | ACTION: DOCUMENT_UPLOADED | DETAILS: File: WhatsApp Image 2025-10-03 at 8.54.54 PM.jpeg.encrypted
[2025-10-11 13:32:19] UID: 47a97NRf1wSoq4a63fZN8Kpa8jo1 | ACTION: AI_ANALYSIS_COMPLETED | DETAILS: Doc: FORGED, Sig(Old): GENUINE_SIGNATURE
[2025-10-11 13:33:02] UID: 47a97NRf1wSoq4a63fZN8Kpa8jo1 | ACTION: KEY_RETRIEVED | DETAILS: Key created/retrieved. Key snippet: 0d8664da...
[2025-10-11 13:56:34] UID: 47a97NRf1wSoq4a63fZN8Kpa8jo1 | ACTION: KEY_RETRIEVED | DETAILS: Key created/retrieved. Key snippet: 0d8664da...
[2025-10-11 13:56:45] UID: 47a97NRf1wSoq4a63fZN8Kpa8jo1 | ACTION: DOCUMENT_UPLOADED | DETAILS: File: WhatsApp Image 2025-10-03 at 8.54.54 PM.jpeg.encrypted
[2025-10-11 13:56:47] UID: 47a97NRf1wSoq4a63fZN8Kpa8jo1 | ACTION: AI_ANALYSIS_COMPLETED | DETAILS: Doc: FORGED, Sig(Old): GENUINE_SIGNATURE
[2025-10-11 13:56:55] UID: 47a97NRf1wSoq4a63fZN8Kpa8jo1 | ACTION: KEY_RETRIEVED | DETAILS: Key created/retrieved. Key snippet: 0d8664da...
[2025-10-11 13:56:58] UID: 47a97NRf1wSoq4a63fZN8Kpa8jo1 | ACTION: SESSION_TERMINATED | DETAILS: Session terminated. Key file destroyed.
[2025-10-11 13:57:22] UID: 47a97NRf1wSoq4a63fZN8Kpa8jo1 | ACTION: KEY_GENERATED | DETAILS: Key created/retrieved. Key snippet: e53e6c0e...
[2025-10-11 14:37:25] UID: 47a97NRf1wSoq4a63fZN8Kpa8jo1 | ACTION: KEY_RETRIEVED | DETAILS: Key created/retrieved. Key snippet: e53e6c0e...
[2025-10-11 14:38:13] UID: 47a97NRf1wSoq4a63fZN8Kpa8jo1 | ACTION: DOCUMENT_DOWNLOADED | DETAILS: File: WhatsApp Image 2025-10-03 at 8.54.54 PM.jpeg.encrypted
[2025-10-11 14:38:33] UID: 47a97NRf1wSoq4a63fZN8Kpa8jo1 | ACTION: DOCUMENT_UPLOADED | DETAILS: File: genuine_1.jpg.encrypted
[2025-10-11 14:38:35] UID: 47a97NRf1wSoq4a63fZN8Kpa8jo1 | ACTION: AI_ANALYSIS_COMPLETED | DETAILS: Doc: FORGED, Sig(Old): FORGED_SIGNATURE
[2025-10-11 14:40:04] UID: 47a97NRf1wSoq4a63fZN8Kpa8jo1 | ACTION: KEY_RETRIEVED | DETAILS: Key created/retrieved. Key snippet: e53e6c0e...
[2025-10-11 14:40:10] UID: 47a97NRf1wSoq4a63fZN8Kpa8jo1 | ACTION: SESSION_TERMINATED | DETAILS: Session terminated. Key file destroyed.
[2025-10-14 00:22:39] UID: 47a97NRf1wSoq4a63fZN8Kpa8jo1 | ACTION: KEY_GENERATED | DETAILS: Key created/retrieved. Key snippet: cffa590a...
[2025-10-14 11:32:38] UID: 47a97NRf1wSoq4a63fZN8Kpa8jo1 | ACTION: KEY_RETRIEVED | DETAILS: Key created/retrieved. Key snippet: cffa590a...
[2025-10-14 11:32:55] UID: 47a97NRf1wSoq4a63fZN8Kpa8jo1 | ACTION: DOCUMENT_UPLOADED | DETAILS: File: WhatsApp Image 2025-10-03 at 8.54.54 PM.jpeg.encrypted
[2025-10-14 11:32:57] UID: 47a97NRf1wSoq4a63fZN8Kpa8jo1 | ACTION: AI_ANALYSIS_COMPLETED | DETAILS: Doc: FORGED, Sig(Old): GENUINE_SIGNATURE
[2025-10-14 11:38:30] UID: 47a97NRf1wSoq4a63fZN8Kpa8jo1 | ACTION: KEY_RETRIEVED | DETAILS: Key created/retrieved. Key snippet: cffa590a...
[2025-10-14 11:38:47] UID: 47a97NRf1wSoq4a63fZN8Kpa8jo1 | ACTION: DOCUMENT_UPLOADED | DETAILS: File: genuine_14.png.encrypted
[2025-10-14 11:38:51] UID: 47a97NRf1wSoq4a63fZN8Kpa8jo1 | ACTION: DOCUMENT_UPLOADED | DETAILS: File: genuine_14.png.encrypted
[2025-10-14 11:39:15] UID: 47a97NRf1wSoq4a63fZN8Kpa8jo1 | ACTION: DOCUMENT_UPLOADED | DETAILS: File: genuine_1.png.encrypted
[2025-10-14 11:39:17] UID: 47a97NRf1wSoq4a63fZN8Kpa8jo1 | ACTION: AI_ANALYSIS_COMPLETED | DETAILS: Doc: FORGED, Sig(Old): GENUINE_SIGNATURE
[2025-10-14 11:51:01] UID: 47a97NRf1wSoq4a63fZN8Kpa8jo1 | ACTION: KEY_RETRIEVED | DETAILS: Key created/retrieved. Key snippet: cffa590a...
[2025-10-14 11:51:24] UID: 47a97NRf1wSoq4a63fZN8Kpa8jo1 | ACTION: DOCUMENT_UPLOADED | DETAILS: File: genuine_13.jpg.encrypted
[2025-10-14 11:51:26] UID: 47a97NRf1wSoq4a63fZN8Kpa8jo1 | ACTION: AI_ANALYSIS_COMPLETED | DETAILS: Doc: FORGED, Sig(Old): GENUINE_SIGNATURE
[2025-10-14 12:11:55] UID: 47a97NRf1wSoq4a63fZN8Kpa8jo1 | ACTION: KEY_RETRIEVED | DETAILS: Key snippet: cffa590a...
[2025-10-14 12:12:10] UID: 47a97NRf1wSoq4a63fZN8Kpa8jo1 | ACTION: DOCUMENT_UPLOADED | DETAILS: File: WhatsApp Image 2025-10-11 at 2.26.14 PM.jpeg.encrypted
[2025-10-14 12:12:12] UID: 47a97NRf1wSoq4a63fZN8Kpa8jo1 | ACTION: AI_ANALYSIS_COMPLETED | DETAILS: File: WhatsApp Image 2025-10-11 at 2.26.14 PM.jpeg
[2025-10-14 12:12:26] UID: 47a97NRf1wSoq4a63fZN8Kpa8jo1 | ACTION: KEY_RETRIEVED | DETAILS: Key snippet: cffa590a...
[2025-10-14 12:14:32] UID: 47a97NRf1wSoq4a63fZN8Kpa8jo1 | ACTION: KEY_RETRIEVED | DETAILS: Key created/retrieved. Key snippet: cffa590a...
[2025-10-14 12:14:41] UID: 47a97NRf1wSoq4a63fZN8Kpa8jo1 | ACTION: DOCUMENT_UPLOADED | DETAILS: File: genuine_1.png.encrypted
[2025-10-14 12:14:43] UID: 47a97NRf1wSoq4a63fZN8Kpa8jo1 | ACTION: AI_ANALYSIS_COMPLETED | DETAILS: Doc: FORGED, Sig(Old): GENUINE_SIGNATURE
[2025-10-14 12:20:11] UID: 47a97NRf1wSoq4a63fZN8Kpa8jo1 | ACTION: KEY_RETRIEVED | DETAILS: Key created/retrieved. Key snippet: cffa590a...
[2025-10-14 12:20:25] UID: 47a97NRf1wSoq4a63fZN8Kpa8jo1 | ACTION: DOCUMENT_DOWNLOADED | DETAILS: File: genuine_1.png.encrypted
[2025-10-14 12:20:36] UID: 47a97NRf1wSoq4a63fZN8Kpa8jo1 | ACTION: DOCUMENT_UPLOADED | DETAILS: File: genuine_8.png.encrypted
[2025-10-14 12:20:38] UID: 47a97NRf1wSoq4a63fZN8Kpa8jo1 | ACTION: AI_ANALYSIS_COMPLETED | DETAILS: Doc: FORGED, Sig(Old): FORGED_SIGNATURE
[2025-10-14 12:29:32] UID: 47a97NRf1wSoq4a63fZN8Kpa8jo1 | ACTION: KEY_RETRIEVED | DETAILS: Key created/retrieved. Key snippet: cffa590a...
[2025-10-14 12:29:46] UID: 47a97NRf1wSoq4a63fZN8Kpa8jo1 | ACTION: DOCUMENT_UPLOADED | DETAILS: File: genuine_1.png.encrypted
[2025-10-14 12:29:48] UID: 47a97NRf1wSoq4a63fZN8Kpa8jo1 | ACTION: AI_ANALYSIS_COMPLETED | DETAILS: Doc: FORGED, Sig(Old): GENUINE_SIGNATURE
[2025-10-14 12:36:22] UID: 47a97NRf1wSoq4a63fZN8Kpa8jo1 | ACTION: KEY_RETRIEVED | DETAILS: Key created/retrieved. Key snippet: cffa590a...
[2025-10-14 12:36:30] UID: 47a97NRf1wSoq4a63fZN8Kpa8jo1 | ACTION: DOCUMENT_UPLOADED | DETAILS: File: genuine_31.png.encrypted
[2025-10-14 12:36:51] UID: 47a97NRf1wSoq4a63fZN8Kpa8jo1 | ACTION: DOCUMENT_UPLOADED | DETAILS: File: genuine_1.png.encrypted
[2025-10-14 12:36:52] UID: 47a97NRf1wSoq4a63fZN8Kpa8jo1 | ACTION: AI_ANALYSIS_COMPLETED | DETAILS: Doc: FORGED, Sig(Old): GENUINE_SIGNATURE
[2025-10-14 12:42:35] UID: 47a97NRf1wSoq4a63fZN8Kpa8jo1 | ACTION: KEY_RETRIEVED | DETAILS: Key created/retrieved. Key snippet: cffa590a...
[2025-10-14 12:42:46] UID: 47a97NRf1wSoq4a63fZN8Kpa8jo1 | ACTION: DOCUMENT_UPLOADED | DETAILS: File: genuine_10.png.encrypted
[2025-10-14 12:42:55] UID: 47a97NRf1wSoq4a63fZN8Kpa8jo1 | ACTION: DOCUMENT_UPLOADED | DETAILS: File: genuine_1.png.encrypted
[2025-10-14 12:42:57] UID: 47a97NRf1wSoq4a63fZN8Kpa8jo1 | ACTION: AI_ANALYSIS_COMPLETED | DETAILS: Doc: FORGED, Sig(Old): GENUINE_SIGNATURE
[2025-10-14 12:49:04] UID: 47a97NRf1wSoq4a63fZN8Kpa8jo1 | ACTION: KEY_RETRIEVED | DETAILS: Key created/retrieved. Key snippet: cffa590a...
[2025-10-14 12:49:18] UID: 47a97NRf1wSoq4a63fZN8Kpa8jo1 | ACTION: DOCUMENT_UPLOADED | DETAILS: File: genuine_1.png.encrypted
[2025-10-14 12:49:21] UID: 47a97NRf1wSoq4a63fZN8Kpa8jo1 | ACTION: AI_ANALYSIS_COMPLETED | DETAILS: Doc: FORGED, Sig(Old): GENUINE_SIGNATURE
[2025-10-14 13:00:50] UID: zYWpvIUkOGdxBR0ry04cTxBRkSJ3 | ACTION: KEY_GENERATED | DETAILS: Key created/retrieved. Key snippet: 3f75927c...
[2025-10-14 13:11:15] UID: zYWpvIUkOGdxBR0ry04cTxBRkSJ3 | ACTION: KEY_RETRIEVED | DETAILS: Key created/retrieved. Key snippet: 3f75927c...
[2025-10-14 13:13:17] UID: zYWpvIUkOGdxBR0ry04cTxBRkSJ3 | ACTION: KEY_RETRIEVED | DETAILS: Key created/retrieved. Key snippet: 3f75927c...
[2025-10-14 16:40:50] UID: 47a97NRf1wSoq4a63fZN8Kpa8jo1 | ACTION: KEY_RETRIEVED | DETAILS: Key created/retrieved. Key snippet: cffa590a...
[2025-10-14 16:41:17] UID: 47a97NRf1wSoq4a63fZN8Kpa8jo1 | ACTION: DOCUMENT_UPLOADED | DETAILS: File: genuine_31.png.encrypted
[2025-10-14 16:41:31] UID: 47a97NRf1wSoq4a63fZN8Kpa8jo1 | ACTION: DOCUMENT_UPLOADED | DETAILS: File: genuine_27.png.encrypted
[2025-10-14 16:41:33] UID: 47a97NRf1wSoq4a63fZN8Kpa8jo1 | ACTION: AI_ANALYSIS_COMPLETED | DETAILS: Doc: FORGED, Sig(Old): FORGED_SIGNATURE
[2025-10-14 16:49:20] UID: 47a97NRf1wSoq4a63fZN8Kpa8jo1 | ACTION: KEY_RETRIEVED | DETAILS: Key created/retrieved. Key snippet: cffa590a...
[2025-10-14 16:49:38] UID: 47a97NRf1wSoq4a63fZN8Kpa8jo1 | ACTION: DOCUMENT_UPLOADED | DETAILS: File: genuine_1.jpg.encrypted
[2025-10-14 16:49:40] UID: 47a97NRf1wSoq4a63fZN8Kpa8jo1 | ACTION: AI_ANALYSIS_COMPLETED | DETAILS: Doc: FORGED, Sig(Old): FORGED_SIGNATURE
[2025-10-14 16:50:46] UID: 47a97NRf1wSoq4a63fZN8Kpa8jo1 | ACTION: DOCUMENT_UPLOADED | DETAILS: File: genuine_12.jpg.encrypted
[2025-10-14 16:50:55] UID: 47a97NRf1wSoq4a63fZN8Kpa8jo1 | ACTION: DOCUMENT_UPLOADED | DETAILS: File: genuine_25 (1).png.encrypted
[2025-10-14 16:50:56] UID: 47a97NRf1wSoq4a63fZN8Kpa8jo1 | ACTION: AI_ANALYSIS_COMPLETED | DETAILS: Doc: FORGED, Sig(Old): GENUINE_SIGNATURE
[2025-10-14 16:51:17] UID: 47a97NRf1wSoq4a63fZN8Kpa8jo1 | ACTION: DOCUMENT_UPLOADED | DETAILS: File: genuine_31.png.encrypted
[2025-10-14 16:51:28] UID: 47a97NRf1wSoq4a63fZN8Kpa8jo1 | ACTION: DOCUMENT_UPLOADED | DETAILS: File: genuine_30.png.encrypted
[2025-10-14 16:51:30] UID: 47a97NRf1wSoq4a63fZN8Kpa8jo1 | ACTION: AI_ANALYSIS_COMPLETED | DETAILS: Doc: FORGED, Sig(Old): GENUINE_SIGNATURE
[2025-10-14 16:51:47] UID: 47a97NRf1wSoq4a63fZN8Kpa8jo1 | ACTION: DOCUMENT_UPLOADED | DETAILS: File: genuine_28.png.encrypted
[2025-10-14 16:52:10] UID: 47a97NRf1wSoq4a63fZN8Kpa8jo1 | ACTION: DOCUMENT_UPLOADED | DETAILS: File: 02_preliminary pages(4)_page_2.png.encrypted
[2025-10-14 16:52:12] UID: 47a97NRf1wSoq4a63fZN8Kpa8jo1 | ACTION: AI_ANALYSIS_COMPLETED | DETAILS: Doc: FORGED, Sig(Old): FORGED_SIGNATURE
[2025-10-14 16:53:49] UID: 47a97NRf1wSoq4a63fZN8Kpa8jo1 | ACTION: DOCUMENT_UPLOADED | DETAILS: File: 02_preliminary pages(4)_page_3.png.encrypted
[2025-10-14 16:54:09] UID: 47a97NRf1wSoq4a63fZN8Kpa8jo1 | ACTION: DOCUMENT_UPLOADED | DETAILS: File: 02_preliminary pages(5)_page_1.png.encrypted
[2025-10-14 16:54:21] UID: 47a97NRf1wSoq4a63fZN8Kpa8jo1 | ACTION: DOCUMENT_UPLOADED | DETAILS: File: 02_preliminary pages(5)_page_2.png.encrypted
[2025-10-14 16:54:22] UID: 47a97NRf1wSoq4a63fZN8Kpa8jo1 | ACTION: AI_ANALYSIS_COMPLETED | DETAILS: Doc: FORGED, Sig(Old): FORGED_SIGNATURE
[2025-10-14 16:56:51] UID: 47a97NRf1wSoq4a63fZN8Kpa8jo1 | ACTION: DOCUMENT_UPLOADED | DETAILS: File: 02_preliminary pages(6)_page_2.png.encrypted
[2025-10-14 16:57:03] UID: 47a97NRf1wSoq4a63fZN8Kpa8jo1 | ACTION: DOCUMENT_UPLOADED | DETAILS: File: 02_preliminary pages(4)_page_2.png.encrypted
[2025-10-14 16:57:05] UID: 47a97NRf1wSoq4a63fZN8Kpa8jo1 | ACTION: AI_ANALYSIS_COMPLETED | DETAILS: Doc: FORGED, Sig(Old): FORGED_SIGNATURE
[2025-10-14 16:57:25] UID: 47a97NRf1wSoq4a63fZN8Kpa8jo1 | ACTION: DOCUMENT_UPLOADED | DETAILS: File: 02_preliminary pages (4)_page_3.png.encrypted
[2025-10-14 16:57:27] UID: 47a97NRf1wSoq4a63fZN8Kpa8jo1 | ACTION: AI_ANALYSIS_COMPLETED | DETAILS: Doc: FORGED, Sig(Old): GENUINE_SIGNATURE
[2025-10-14 16:57:57] UID: 47a97NRf1wSoq4a63fZN8Kpa8jo1 | ACTION: DOCUMENT_UPLOADED | DETAILS: File: ADW Scholarship Scheme 2023 - 2024_page_1.png.encrypted
[2025-10-14 16:58:00] UID: 47a97NRf1wSoq4a63fZN8Kpa8jo1 | ACTION: AI_ANALYSIS_COMPLETED | DETAILS: Doc: FORGED, Sig(Old): GENUINE_SIGNATURE
[2025-10-14 16:58:16] UID: 47a97NRf1wSoq4a63fZN8Kpa8jo1 | ACTION: DOCUMENT_UPLOADED | DETAILS: File: genuine_3.jpg.encrypted
[2025-10-14 16:58:17] UID: 47a97NRf1wSoq4a63fZN8Kpa8jo1 | ACTION: AI_ANALYSIS_COMPLETED | DETAILS: Doc: FORGED, Sig(Old): FORGED_SIGNATURE
[2025-10-14 16:59:29] UID: 47a97NRf1wSoq4a63fZN8Kpa8jo1 | ACTION: DOCUMENT_UPLOADED | DETAILS: File: genuine_29.jpg.encrypted
[2025-10-14 17:00:01] UID: 47a97NRf1wSoq4a63fZN8Kpa8jo1 | ACTION: DOCUMENT_UPLOADED | DETAILS: File: gsa_(R)LRI04757-Lease-1-02.png.encrypted
[2025-10-14 17:00:04] UID: 47a97NRf1wSoq4a63fZN8Kpa8jo1 | ACTION: AI_ANALYSIS_COMPLETED | DETAILS: Doc: GENUINE, Sig(Old): GENUINE_SIGNATURE
[2025-10-14 17:00:38] UID: 47a97NRf1wSoq4a63fZN8Kpa8jo1 | ACTION: DOCUMENT_UPLOADED | DETAILS: File: gsa_(R)LDC02087-SLA-1-01.png.encrypted
[2025-10-14 17:01:04] UID: 47a97NRf1wSoq4a63fZN8Kpa8jo1 | ACTION: DOCUMENT_UPLOADED | DETAILS: File: gsa_LAK07213-SLA-5-_Z-01.png.encrypted
[2025-10-14 17:01:06] UID: 47a97NRf1wSoq4a63fZN8Kpa8jo1 | ACTION: AI_ANALYSIS_COMPLETED | DETAILS: Doc: GENUINE, Sig(Old): GENUINE_SIGNATURE
[2025-10-14 17:01:37] UID: 47a97NRf1wSoq4a63fZN8Kpa8jo1 | ACTION: DOCUMENT_UPLOADED | DETAILS: File: gsa_LAK07213-Lease-a_Z-01.png.encrypted
[2025-10-14 17:01:40] UID: 47a97NRf1wSoq4a63fZN8Kpa8jo1 | ACTION: AI_ANALYSIS_COMPLETED | DETAILS: Doc: FORGED, Sig(Old): GENUINE_SIGNATURE
[2025-10-14 17:01:54] UID: 47a97NRf1wSoq4a63fZN8Kpa8jo1 | ACTION: DOCUMENT_UPLOADED | DETAILS: File: gsa_LAK07213-SLA-1-_Z-01.png.encrypted
[2025-10-14 17:01:57] UID: 47a97NRf1wSoq4a63fZN8Kpa8jo1 | ACTION: AI_ANALYSIS_COMPLETED | DETAILS: Doc: FORGED, Sig(Old): GENUINE_SIGNATURE
[2025-10-14 17:02:13] UID: 47a97NRf1wSoq4a63fZN8Kpa8jo1 | ACTION: DOCUMENT_UPLOADED | DETAILS: File: gsa_LAK07249-SLA-5-_Z-01.png.encrypted
[2025-10-14 17:02:16] UID: 47a97NRf1wSoq4a63fZN8Kpa8jo1 | ACTION: AI_ANALYSIS_COMPLETED | DETAILS: Doc: FORGED, Sig(Old): GENUINE_SIGNATURE
[2025-10-14 17:02:35] UID: 47a97NRf1wSoq4a63fZN8Kpa8jo1 | ACTION: DOCUMENT_UPLOADED | DETAILS: File: gsa_(R)LDC02071-SLA-4-01.png.encrypted
[2025-10-14 17:02:47] UID: 47a97NRf1wSoq4a63fZN8Kpa8jo1 | ACTION: DOCUMENT_UPLOADED | DETAILS: File: gsa_(R)LDC02087-Lease-SF2-02.png.encrypted
[2025-10-14 17:02:58] UID: 47a97NRf1wSoq4a63fZN8Kpa8jo1 | ACTION: DOCUMENT_UPLOADED | DETAILS: File: gsa_(R)LDC02087-SLA-4-01.png.encrypted
[2025-10-14 17:03:22] UID: 47a97NRf1wSoq4a63fZN8Kpa8jo1 | ACTION: DOCUMENT_UPLOADED | DETAILS: File: gsa_LAK07151-Lease-_Z-02.png.encrypted
[2025-10-14 17:03:24] UID: 47a97NRf1wSoq4a63fZN8Kpa8jo1 | ACTION: AI_ANALYSIS_COMPLETED | DETAILS: Doc: GENUINE, Sig(Old): GENUINE_SIGNATURE
[2025-10-14 17:06:38] UID: 47a97NRf1wSoq4a63fZN8Kpa8jo1 | ACTION: DOCUMENT_UPLOADED | DETAILS: File: gsa_LAK07178-Lease-a_Z-02.png.encrypted
[2025-10-14 17:06:41] UID: 47a97NRf1wSoq4a63fZN8Kpa8jo1 | ACTION: AI_ANALYSIS_COMPLETED | DETAILS: Doc: FORGED, Sig(Old): FORGED_SIGNATURE
[2025-10-14 17:07:07] UID: 47a97NRf1wSoq4a63fZN8Kpa8jo1 | ACTION: DOCUMENT_UPLOADED | DETAILS: File: gsa_Download Documents - Executed Lease LNC60480_Redacted-04.png.encrypted
[2025-10-14 17:07:10] UID: 47a97NRf1wSoq4a63fZN8Kpa8jo1 | ACTION: AI_ANALYSIS_COMPLETED | DETAILS: Doc: GENUINE, Sig(Old): GENUINE_SIGNATURE
[2025-10-14 17:07:36] UID: 47a97NRf1wSoq4a63fZN8Kpa8jo1 | ACTION: DOCUMENT_UPLOADED | DETAILS: File: gsa_LAK07213-SLA-5-_Z-02.png.encrypted
[2025-10-14 17:07:39] UID: 47a97NRf1wSoq4a63fZN8Kpa8jo1 | ACTION: AI_ANALYSIS_COMPLETED | DETAILS: Doc: GENUINE, Sig(Old): FORGED_SIGNATURE
[2025-10-14 17:08:18] UID: 47a97NRf1wSoq4a63fZN8Kpa8jo1 | ACTION: DOCUMENT_UPLOADED | DETAILS: File: gsa_LAK07249-SLA-5-_Z-01.png.encrypted
[2025-10-14 17:08:21] UID: 47a97NRf1wSoq4a63fZN8Kpa8jo1 | ACTION: AI_ANALYSIS_COMPLETED | DETAILS: Doc: FORGED, Sig(Old): GENUINE_SIGNATURE
[2025-10-14 17:09:11] UID: 47a97NRf1wSoq4a63fZN8Kpa8jo1 | ACTION: DOCUMENT_UPLOADED | DETAILS: File: Normal(8).jpg.encrypted
[2025-10-14 17:09:13] UID: 47a97NRf1wSoq4a63fZN8Kpa8jo1 | ACTION: AI_ANALYSIS_COMPLETED | DETAILS: Doc: FORGED, Sig(Old): GENUINE_SIGNATURE
[2025-10-14 17:09:34] UID: 47a97NRf1wSoq4a63fZN8Kpa8jo1 | ACTION: DOCUMENT_UPLOADED | DETAILS: File: Normal(45).jpg.encrypted
[2025-10-14 17:09:36] UID: 47a97NRf1wSoq4a63fZN8Kpa8jo1 | ACTION: AI_ANALYSIS_COMPLETED | DETAILS: Doc: FORGED, Sig(Old): GENUINE_SIGNATURE
[2025-10-14 17:10:35] UID: 47a97NRf1wSoq4a63fZN8Kpa8jo1 | ACTION: DOCUMENT_UPLOADED | DETAILS: File: 02_certificate (1)_page_1.png.encrypted
[2025-10-14 17:10:45] UID: 47a97NRf1wSoq4a63fZN8Kpa8jo1 | ACTION: DOCUMENT_UPLOADED | DETAILS: File: 02_preliminary pages (4)_page_2.png.encrypted
[2025-10-14 17:10:46] UID: 47a97NRf1wSoq4a63fZN8Kpa8jo1 | ACTION: AI_ANALYSIS_COMPLETED | DETAILS: Doc: FORGED, Sig(Old): GENUINE_SIGNATURE
[2025-10-14 17:10:57] UID: 47a97NRf1wSoq4a63fZN8Kpa8jo1 | ACTION: DOCUMENT_UPLOADED | DETAILS: File: 02_preliminary pages (5)_page_1.png.encrypted
[2025-10-14 17:11:22] UID: 47a97NRf1wSoq4a63fZN8Kpa8jo1 | ACTION: DOCUMENT_UPLOADED | DETAILS: File: genuine_4.jpg.encrypted
[2025-10-14 17:11:24] UID: 47a97NRf1wSoq4a63fZN8Kpa8jo1 | ACTION: AI_ANALYSIS_COMPLETED | DETAILS: Doc: FORGED, Sig(Old): GENUINE_SIGNATURE
[2025-10-14 17:11:51] UID: 47a97NRf1wSoq4a63fZN8Kpa8jo1 | ACTION: DOCUMENT_UPLOADED | DETAILS: File: genuine_27.jpg.encrypted
[2025-10-14 17:11:52] UID: 47a97NRf1wSoq4a63fZN8Kpa8jo1 | ACTION: AI_ANALYSIS_COMPLETED | DETAILS: Doc: FORGED, Sig(Old): GENUINE_SIGNATURE
[2025-10-14 17:12:06] UID: 47a97NRf1wSoq4a63fZN8Kpa8jo1 | ACTION: DOCUMENT_UPLOADED | DETAILS: File: 02_certificate_page_1.png.encrypted
[2025-10-14 17:12:18] UID: 47a97NRf1wSoq4a63fZN8Kpa8jo1 | ACTION: DOCUMENT_UPLOADED | DETAILS: File: 02_certificate (3)_page_1.png.encrypted
[2025-10-14 17:12:29] UID: 47a97NRf1wSoq4a63fZN8Kpa8jo1 | ACTION: DOCUMENT_UPLOADED | DETAILS: File: 02_preliminary pages (4)_page_2.png.encrypted
[2025-10-14 17:12:30] UID: 47a97NRf1wSoq4a63fZN8Kpa8jo1 | ACTION: AI_ANALYSIS_COMPLETED | DETAILS: Doc: FORGED, Sig(Old): GENUINE_SIGNATURE
[2025-10-14 17:12:49] UID: 47a97NRf1wSoq4a63fZN8Kpa8jo1 | ACTION: DOCUMENT_UPLOADED | DETAILS: File: 02_preliminary pages (8)_page_1.png.encrypted
[2025-10-14 17:12:50] UID: 47a97NRf1wSoq4a63fZN8Kpa8jo1 | ACTION: AI_ANALYSIS_COMPLETED | DETAILS: Doc: FORGED, Sig(Old): GENUINE_SIGNATURE
[2025-10-14 17:13:07] UID: 47a97NRf1wSoq4a63fZN8Kpa8jo1 | ACTION: DOCUMENT_UPLOADED | DETAILS: File: 02_preliminary pages (7)_page_1.png.encrypted
[2025-10-14 17:13:27] UID: 47a97NRf1wSoq4a63fZN8Kpa8jo1 | ACTION: DOCUMENT_UPLOADED | DETAILS: File: Tendernotice_1 (13)_page_1.png.encrypted
[2025-10-14 17:13:28] UID: 47a97NRf1wSoq4a63fZN8Kpa8jo1 | ACTION: AI_ANALYSIS_COMPLETED | DETAILS: Doc: FORGED, Sig(Old): FORGED_SIGNATURE
[2025-10-14 17:13:43] UID: 47a97NRf1wSoq4a63fZN8Kpa8jo1 | ACTION: DOCUMENT_UPLOADED | DETAILS: File: Tendernotice_1_page_1.png.encrypted
[2025-10-14 17:13:47] UID: 47a97NRf1wSoq4a63fZN8Kpa8jo1 | ACTION: AI_ANALYSIS_COMPLETED | DETAILS: Doc: FORGED, Sig(Old): FORGED_SIGNATURE
[2025-10-14 17:14:29] UID: 47a97NRf1wSoq4a63fZN8Kpa8jo1 | ACTION: DOCUMENT_UPLOADED | DETAILS: File: Tendernotice_1_page_3.png.encrypted
[2025-10-14 17:14:34] UID: 47a97NRf1wSoq4a63fZN8Kpa8jo1 | ACTION: AI_ANALYSIS_COMPLETED | DETAILS: Doc: FORGED, Sig(Old): GENUINE_SIGNATURE
[2025-10-14 17:15:01] UID: 47a97NRf1wSoq4a63fZN8Kpa8jo1 | ACTION: DOCUMENT_UPLOADED | DETAILS: File: Tendernotice_1 (14)_page_5.png.encrypted
[2025-10-14 17:15:03] UID: 47a97NRf1wSoq4a63fZN8Kpa8jo1 | ACTION: AI_ANALYSIS_COMPLETED | DETAILS: Doc: FORGED, Sig(Old): GENUINE_SIGNATURE
[2025-10-14 17:15:28] UID: 47a97NRf1wSoq4a63fZN8Kpa8jo1 | ACTION: DOCUMENT_UPLOADED | DETAILS: File: Tendernotice_1 (14)_page_3.png.encrypted
[2025-10-14 17:15:30] UID: 47a97NRf1wSoq4a63fZN8Kpa8jo1 | ACTION: AI_ANALYSIS_COMPLETED | DETAILS: Doc: FORGED, Sig(Old): GENUINE_SIGNATURE
[2025-10-14 17:15:55] UID: 47a97NRf1wSoq4a63fZN8Kpa8jo1 | ACTION: DOCUMENT_UPLOADED | DETAILS: File: 02_certificate_page_1.png.encrypted
[2025-10-14 17:16:07] UID: 47a97NRf1wSoq4a63fZN8Kpa8jo1 | ACTION: DOCUMENT_UPLOADED | DETAILS: File: 02_preliminary pages(5)_page_1.png.encrypted
[2025-10-14 17:16:24] UID: 47a97NRf1wSoq4a63fZN8Kpa8jo1 | ACTION: DOCUMENT_UPLOADED | DETAILS: File: 02_preliminary pages(5)_page_2.png.encrypted
[2025-10-14 17:16:26] UID: 47a97NRf1wSoq4a63fZN8Kpa8jo1 | ACTION: AI_ANALYSIS_COMPLETED | DETAILS: Doc: FORGED, Sig(Old): FORGED_SIGNATURE
[2025-10-14 17:16:46] UID: 47a97NRf1wSoq4a63fZN8Kpa8jo1 | ACTION: DOCUMENT_UPLOADED | DETAILS: File: ADW Scholarship Scheme 2023 - 2024_page_1.png.encrypted
[2025-10-14 17:16:48] UID: 47a97NRf1wSoq4a63fZN8Kpa8jo1 | ACTION: AI_ANALYSIS_COMPLETED | DETAILS: Doc: FORGED, Sig(Old): GENUINE_SIGNATURE
[2025-10-14 17:17:17] UID: 47a97NRf1wSoq4a63fZN8Kpa8jo1 | ACTION: KEY_RETRIEVED | DETAILS: Key created/retrieved. Key snippet: cffa590a...
[2025-10-14 17:17:44] UID: 47a97NRf1wSoq4a63fZN8Kpa8jo1 | ACTION: KEY_RETRIEVED | DETAILS: Key created/retrieved. Key snippet: cffa590a...
[2025-10-14 17:17:54] UID: 47a97NRf1wSoq4a63fZN8Kpa8jo1 | ACTION: DOCUMENT_UPLOADED | DETAILS: File: 02_preliminary pages(4)_page_3.png.encrypted
[2025-10-14 17:18:04] UID: 47a97NRf1wSoq4a63fZN8Kpa8jo1 | ACTION: DOCUMENT_UPLOADED | DETAILS: File: 02_preliminary pages(4)_page_2.png.encrypted
[2025-10-14 17:18:05] UID: 47a97NRf1wSoq4a63fZN8Kpa8jo1 | ACTION: AI_ANALYSIS_COMPLETED | DETAILS: Doc: FORGED, Sig(Old): FORGED_SIGNATURE
[2025-10-14 17:19:09] UID: 47a97NRf1wSoq4a63fZN8Kpa8jo1 | ACTION: KEY_RETRIEVED | DETAILS: Key created/retrieved. Key snippet: cffa590a...
[2025-10-14 17:19:10] UID: 47a97NRf1wSoq4a63fZN8Kpa8jo1 | ACTION: SESSION_TERMINATED | DETAILS: Session terminated. Key file destroyed.
[2025-10-14 19:27:17] UID: 47a97NRf1wSoq4a63fZN8Kpa8jo1 | ACTION: KEY_GENERATED | DETAILS: Key created/retrieved. Key snippet: d6a48d8d...
[2025-10-14 19:28:38] UID: 47a97NRf1wSoq4a63fZN8Kpa8jo1 | ACTION: DOCUMENT_UPLOADED | DETAILS: File: 02_certificate (3).pdf.encrypted
[2025-10-14 19:32:19] UID: 47a97NRf1wSoq4a63fZN8Kpa8jo1 | ACTION: DOCUMENT_UPLOADED | DETAILS: File: 02_certificate (1).pdf.encrypted
[2025-10-14 19:32:34] UID: 47a97NRf1wSoq4a63fZN8Kpa8jo1 | ACTION: DOCUMENT_UPLOADED | DETAILS: File: 02_certificate (5).pdf.encrypted
[2025-10-14 19:32:36] UID: 47a97NRf1wSoq4a63fZN8Kpa8jo1 | ACTION: AI_ANALYSIS_COMPLETED | DETAILS: Doc: GENUINE, Sig(Old): GENUINE_SIGNATURE
[2025-10-14 19:34:30] UID: 47a97NRf1wSoq4a63fZN8Kpa8jo1 | ACTION: DOCUMENT_UPLOADED | DETAILS: File: 02_preliminary pages (1).pdf.encrypted
[2025-10-14 19:34:46] UID: 47a97NRf1wSoq4a63fZN8Kpa8jo1 | ACTION: DOCUMENT_UPLOADED | DETAILS: File: SC-ST SCHOLARSHIP FORM SECOND YEAR.pdf.encrypted
[2025-10-14 19:34:48] UID: 47a97NRf1wSoq4a63fZN8Kpa8jo1 | ACTION: AI_ANALYSIS_COMPLETED | DETAILS: Doc: FORGED, Sig(Old): GENUINE_SIGNATURE
[2025-10-14 19:35:12] UID: 47a97NRf1wSoq4a63fZN8Kpa8jo1 | ACTION: DOCUMENT_DOWNLOADED | DETAILS: File: SC-ST SCHOLARSHIP FORM SECOND YEAR.pdf.encrypted
[2025-10-14 19:35:39] UID: 47a97NRf1wSoq4a63fZN8Kpa8jo1 | ACTION: DOCUMENT_UPLOADED | DETAILS: File: Tendernotice_1.pdf.encrypted
[2025-10-14 19:35:44] UID: 47a97NRf1wSoq4a63fZN8Kpa8jo1 | ACTION: AI_ANALYSIS_COMPLETED | DETAILS: Doc: FORGED, Sig(Old): FORGED_SIGNATURE
[2025-10-14 19:36:24] UID: 47a97NRf1wSoq4a63fZN8Kpa8jo1 | ACTION: DOCUMENT_UPLOADED | DETAILS: File: Tendernotice_1 (14).pdf.encrypted
[2025-10-14 19:36:27] UID: 47a97NRf1wSoq4a63fZN8Kpa8jo1 | ACTION: AI_ANALYSIS_COMPLETED | DETAILS: Doc: FORGED, Sig(Old): GENUINE_SIGNATURE
[2025-10-14 19:36:51] UID: 47a97NRf1wSoq4a63fZN8Kpa8jo1 | ACTION: DOCUMENT_UPLOADED | DETAILS: File: Submission,Extenson_0001.pdf.encrypted
[2025-10-14 19:36:55] UID: 47a97NRf1wSoq4a63fZN8Kpa8jo1 | ACTION: AI_ANALYSIS_COMPLETED | DETAILS: Doc: FORGED, Sig(Old): GENUINE_SIGNATURE
[2025-10-14 19:37:12] UID: 47a97NRf1wSoq4a63fZN8Kpa8jo1 | ACTION: DOCUMENT_UPLOADED | DETAILS: File: Tendernotice_1 (8).pdf.encrypted
[2025-10-14 19:37:14] UID: 47a97NRf1wSoq4a63fZN8Kpa8jo1 | ACTION: AI_ANALYSIS_COMPLETED | DETAILS: Doc: FORGED, Sig(Old): GENUINE_SIGNATURE
[2025-10-14 19:37:38] UID: 47a97NRf1wSoq4a63fZN8Kpa8jo1 | ACTION: DOCUMENT_UPLOADED | DETAILS: File: nad_report.pdf.encrypted
[2025-10-14 19:37:40] UID: 47a97NRf1wSoq4a63fZN8Kpa8jo1 | ACTION: AI_ANALYSIS_COMPLETED | DETAILS: Doc: FORGED, Sig(Old): GENUINE_SIGNATURE
[2025-10-14 19:38:15] UID: 47a97NRf1wSoq4a63fZN8Kpa8jo1 | ACTION: DOCUMENT_UPLOADED | DETAILS: File: 02_preliminary pages (8).pdf.encrypted
[2025-10-14 19:38:17] UID: 47a97NRf1wSoq4a63fZN8Kpa8jo1 | ACTION: AI_ANALYSIS_COMPLETED | DETAILS: Doc: FORGED, Sig(Old): GENUINE_SIGNATURE
[2025-10-14 19:38:35] UID: 47a97NRf1wSoq4a63fZN8Kpa8jo1 | ACTION: DOCUMENT_UPLOADED | DETAILS: File: 02_preliminary pages (7).pdf.encrypted
[2025-10-14 19:38:52] UID: 47a97NRf1wSoq4a63fZN8Kpa8jo1 | ACTION: DOCUMENT_UPLOADED | DETAILS: File: 02_certificate (3).pdf.encrypted
[2025-10-14 19:39:06] UID: 47a97NRf1wSoq4a63fZN8Kpa8jo1 | ACTION: DOCUMENT_UPLOADED | DETAILS: File: 02_certificate (1).pdf.encrypted
[2025-10-14 19:39:17] UID: 47a97NRf1wSoq4a63fZN8Kpa8jo1 | ACTION: DOCUMENT_UPLOADED | DETAILS: File: 02_certificate (2).pdf.encrypted
[2025-10-14 19:39:28] UID: 47a97NRf1wSoq4a63fZN8Kpa8jo1 | ACTION: DOCUMENT_UPLOADED | DETAILS: File: 02_certificate (4).pdf.encrypted
[2025-10-14 19:39:30] UID: 47a97NRf1wSoq4a63fZN8Kpa8jo1 | ACTION: AI_ANALYSIS_COMPLETED | DETAILS: Doc: FORGED, Sig(Old): GENUINE_SIGNATURE
[2025-10-14 19:39:47] UID: 47a97NRf1wSoq4a63fZN8Kpa8jo1 | ACTION: DOCUMENT_UPLOADED | DETAILS: File: 02_certificate.pdf.encrypted
[2025-10-14 19:40:24] UID: 47a97NRf1wSoq4a63fZN8Kpa8jo1 | ACTION: DOCUMENT_UPLOADED | DETAILS: File: 86075409_5410.png.encrypted
[2025-10-14 19:40:25] UID: 47a97NRf1wSoq4a63fZN8Kpa8jo1 | ACTION: AI_ANALYSIS_COMPLETED | DETAILS: Doc: FORGED, Sig(Old): FORGED_SIGNATURE
[2025-10-14 19:40:58] UID: 47a97NRf1wSoq4a63fZN8Kpa8jo1 | ACTION: DOCUMENT_UPLOADED | DETAILS: File: 87125460.png.encrypted
[2025-10-14 19:40:59] UID: 47a97NRf1wSoq4a63fZN8Kpa8jo1 | ACTION: AI_ANALYSIS_COMPLETED | DETAILS: Doc: FORGED, Sig(Old): FORGED_SIGNATURE
[2025-10-14 19:41:28] UID: 47a97NRf1wSoq4a63fZN8Kpa8jo1 | ACTION: DOCUMENT_UPLOADED | DETAILS: File: 91814768_91814769.png.encrypted
[2025-10-14 19:41:29] UID: 47a97NRf1wSoq4a63fZN8Kpa8jo1 | ACTION: AI_ANALYSIS_COMPLETED | DETAILS: Doc: FORGED, Sig(Old): FORGED_SIGNATURE
[2025-10-14 19:41:50] UID: 47a97NRf1wSoq4a63fZN8Kpa8jo1 | ACTION: DOCUMENT_UPLOADED | DETAILS: File: 92380595.png.encrypted
[2025-10-14 19:41:51] UID: 47a97NRf1wSoq4a63fZN8Kpa8jo1 | ACTION: AI_ANALYSIS_COMPLETED | DETAILS: Doc: GENUINE, Sig(Old): GENUINE_SIGNATURE
[2025-10-14 19:42:31] UID: 47a97NRf1wSoq4a63fZN8Kpa8jo1 | ACTION: DOCUMENT_UPLOADED | DETAILS: File: 91814768_91814769.png.encrypted
[2025-10-14 19:42:33] UID: 47a97NRf1wSoq4a63fZN8Kpa8jo1 | ACTION: AI_ANALYSIS_COMPLETED | DETAILS: Doc: FORGED, Sig(Old): FORGED_SIGNATURE
[2025-10-14 19:43:02] UID: 47a97NRf1wSoq4a63fZN8Kpa8jo1 | ACTION: DOCUMENT_UPLOADED | DETAILS: File: Au_ani_00001.jpg.encrypted
[2025-10-14 19:43:03] UID: 47a97NRf1wSoq4a63fZN8Kpa8jo1 | ACTION: AI_ANALYSIS_COMPLETED | DETAILS: Doc: GENUINE, Sig(Old): GENUINE_SIGNATURE
[2025-10-14 19:43:15] UID: 47a97NRf1wSoq4a63fZN8Kpa8jo1 | ACTION: DOCUMENT_UPLOADED | DETAILS: File: Au_ani_00010.jpg.encrypted
[2025-10-14 19:43:16] UID: 47a97NRf1wSoq4a63fZN8Kpa8jo1 | ACTION: AI_ANALYSIS_COMPLETED | DETAILS: Doc: GENUINE, Sig(Old): GENUINE_SIGNATURE
[2025-10-14 19:43:54] UID: 47a97NRf1wSoq4a63fZN8Kpa8jo1 | ACTION: DOCUMENT_UPLOADED | DETAILS: File: 0000007183.tif.encrypted
[2025-10-14 19:43:55] UID: 47a97NRf1wSoq4a63fZN8Kpa8jo1 | ACTION: AI_ANALYSIS_COMPLETED | DETAILS: Doc: FORGED, Sig(Old): GENUINE_SIGNATURE
[2025-10-14 19:44:29] UID: 47a97NRf1wSoq4a63fZN8Kpa8jo1 | ACTION: DOCUMENT_UPLOADED | DETAILS: File: aah97e00-page02_2.png.encrypted
[2025-10-14 19:44:30] UID: 47a97NRf1wSoq4a63fZN8Kpa8jo1 | ACTION: AI_ANALYSIS_COMPLETED | DETAILS: Doc: FORGED, Sig(Old): GENUINE_SIGNATURE
[2025-10-14 19:44:47] UID: 47a97NRf1wSoq4a63fZN8Kpa8jo1 | ACTION: DOCUMENT_UPLOADED | DETAILS: File: cgv39d00.png.encrypted
[2025-10-14 19:44:49] UID: 47a97NRf1wSoq4a63fZN8Kpa8jo1 | ACTION: AI_ANALYSIS_COMPLETED | DETAILS: Doc: FORGED, Sig(Old): GENUINE_SIGNATURE
[2025-10-14 19:45:01] UID: 47a97NRf1wSoq4a63fZN8Kpa8jo1 | ACTION: DOCUMENT_UPLOADED | DETAILS: File: acr64d00.png.encrypted
[2025-10-14 19:45:03] UID: 47a97NRf1wSoq4a63fZN8Kpa8jo1 | ACTION: AI_ANALYSIS_COMPLETED | DETAILS: Doc: FORGED, Sig(Old): GENUINE_SIGNATURE
[2025-10-14 19:46:27] UID: 47a97NRf1wSoq4a63fZN8Kpa8jo1 | ACTION: DOCUMENT_UPLOADED | DETAILS: File: SWETHA (1).pdf.encrypted
[2025-10-14 19:46:29] UID: 47a97NRf1wSoq4a63fZN8Kpa8jo1 | ACTION: AI_ANALYSIS_COMPLETED | DETAILS: Doc: FORGED, Sig(Old): GENUINE_SIGNATURE
[2025-10-14 19:46:46] UID: 47a97NRf1wSoq4a63fZN8Kpa8jo1 | ACTION: DOCUMENT_UPLOADED | DETAILS: File: WhatsApp Image 2025-10-11 at 2.26.14 PM.jpeg.encrypted
[2025-10-14 19:46:47] UID: 47a97NRf1wSoq4a63fZN8Kpa8jo1 | ACTION: AI_ANALYSIS_COMPLETED | DETAILS: Doc: FORGED, Sig(Old): GENUINE_SIGNATURE
[2025-10-14 19:47:06] UID: 47a97NRf1wSoq4a63fZN8Kpa8jo1 | ACTION: DOCUMENT_UPLOADED | DETAILS: File: genuine_9.png.encrypted
[2025-10-14 19:47:08] UID: 47a97NRf1wSoq4a63fZN8Kpa8jo1 | ACTION: AI_ANALYSIS_COMPLETED | DETAILS: Doc: FORGED, Sig(Old): FORGED_SIGNATURE
[2025-10-14 19:48:03] UID: 47a97NRf1wSoq4a63fZN8Kpa8jo1 | ACTION: DOCUMENT_UPLOADED | DETAILS: File: genuine_7.jpg.encrypted
[2025-10-14 19:48:17] UID: 47a97NRf1wSoq4a63fZN8Kpa8jo1 | ACTION: DOCUMENT_UPLOADED | DETAILS: File: genuine_31.jpg.encrypted
[2025-10-14 19:48:42] UID: 47a97NRf1wSoq4a63fZN8Kpa8jo1 | ACTION: DOCUMENT_UPLOADED | DETAILS: File: genuine_15.png.encrypted
[2025-10-14 19:49:07] UID: 47a97NRf1wSoq4a63fZN8Kpa8jo1 | ACTION: DOCUMENT_UPLOADED | DETAILS: File: genuine_20.png.encrypted
[2025-10-14 19:49:39] UID: 47a97NRf1wSoq4a63fZN8Kpa8jo1 | ACTION: DOCUMENT_UPLOADED | DETAILS: File: genuine_1.png.encrypted
[2025-10-14 19:49:41] UID: 47a97NRf1wSoq4a63fZN8Kpa8jo1 | ACTION: AI_ANALYSIS_COMPLETED | DETAILS: Doc: FORGED, Sig(Old): GENUINE_SIGNATURE
[2025-10-14 19:49:59] UID: 47a97NRf1wSoq4a63fZN8Kpa8jo1 | ACTION: DOCUMENT_UPLOADED | DETAILS: File: genuine_21.jpg.encrypted
[2025-10-14 19:50:36] UID: 47a97NRf1wSoq4a63fZN8Kpa8jo1 | ACTION: DOCUMENT_UPLOADED | DETAILS: File: Black and White Minimalist Professional Resume A4.pdf.encrypted
[2025-10-14 19:50:37] UID: 47a97NRf1wSoq4a63fZN8Kpa8jo1 | ACTION: AI_ANALYSIS_COMPLETED | DETAILS: Doc: FORGED, Sig(Old): GENUINE_SIGNATURE
[2025-10-14 19:51:25] UID: 47a97NRf1wSoq4a63fZN8Kpa8jo1 | ACTION: DOCUMENT_UPLOADED | DETAILS: File: 02_preliminary pages(4)_page_3.png.encrypted
[2025-10-14 19:51:41] UID: 47a97NRf1wSoq4a63fZN8Kpa8jo1 | ACTION: DOCUMENT_UPLOADED | DETAILS: File: genuine_6.jpg.encrypted
[2025-10-14 19:52:00] UID: 47a97NRf1wSoq4a63fZN8Kpa8jo1 | ACTION: DOCUMENT_UPLOADED | DETAILS: File: genuine_4.jpg.encrypted
[2025-10-14 19:52:01] UID: 47a97NRf1wSoq4a63fZN8Kpa8jo1 | ACTION: AI_ANALYSIS_COMPLETED | DETAILS: Doc: FORGED, Sig(Old): GENUINE_SIGNATURE
[2025-10-14 19:52:26] UID: 47a97NRf1wSoq4a63fZN8Kpa8jo1 | ACTION: DOCUMENT_UPLOADED | DETAILS: File: 02_preliminary pages(4)_page_2.png.encrypted
[2025-10-14 19:52:28] UID: 47a97NRf1wSoq4a63fZN8Kpa8jo1 | ACTION: AI_ANALYSIS_COMPLETED | DETAILS: Doc: FORGED, Sig(Old): FORGED_SIGNATURE
[2025-10-14 19:52:54] UID: 47a97NRf1wSoq4a63fZN8Kpa8jo1 | ACTION: DOCUMENT_UPLOADED | DETAILS: File: 02_preliminary pages(4)_page_3.png.encrypted
[2025-10-14 19:53:07] UID: 47a97NRf1wSoq4a63fZN8Kpa8jo1 | ACTION: DOCUMENT_UPLOADED | DETAILS: File: 02_preliminary pages(5)_page_1.png.encrypted
[2025-10-14 19:53:22] UID: 47a97NRf1wSoq4a63fZN8Kpa8jo1 | ACTION: DOCUMENT_UPLOADED | DETAILS: File: 02_preliminary pages(8)_page_1.png.encrypted
[2025-10-14 19:53:38] UID: 47a97NRf1wSoq4a63fZN8Kpa8jo1 | ACTION: DOCUMENT_UPLOADED | DETAILS: File: 02_preliminary pages(6)_page_1.png.encrypted
[2025-10-14 19:54:02] UID: 47a97NRf1wSoq4a63fZN8Kpa8jo1 | ACTION: DOCUMENT_UPLOADED | DETAILS: File: genuine_2.jpg.encrypted
[2025-10-14 19:54:26] UID: 47a97NRf1wSoq4a63fZN8Kpa8jo1 | ACTION: DOCUMENT_UPLOADED | DETAILS: File: 5bfbcabf0627e70bdcfc5b32_nda-ready4s.pdf.encrypted
[2025-10-14 19:54:37] UID: 47a97NRf1wSoq4a63fZN8Kpa8jo1 | ACTION: DOCUMENT_UPLOADED | DETAILS: File: Cyber Mutual Assistance NDA.pdf.encrypted
[2025-10-14 19:55:02] UID: 47a97NRf1wSoq4a63fZN8Kpa8jo1 | ACTION: DOCUMENT_UPLOADED | DETAILS: File: 02_certificate.pdf.encrypted
[2025-10-14 19:55:11] UID: 47a97NRf1wSoq4a63fZN8Kpa8jo1 | ACTION: DOCUMENT_UPLOADED | DETAILS: File: 02_certificate (2).pdf.encrypted
[2025-10-14 19:55:24] UID: 47a97NRf1wSoq4a63fZN8Kpa8jo1 | ACTION: DOCUMENT_UPLOADED | DETAILS: File: 02_ preliminary pages.pdf.encrypted
[2025-10-14 19:55:26] UID: 47a97NRf1wSoq4a63fZN8Kpa8jo1 | ACTION: AI_ANALYSIS_COMPLETED | DETAILS: Doc: FORGED, Sig(Old): FORGED_SIGNATURE
[2025-10-14 19:55:39] UID: 47a97NRf1wSoq4a63fZN8Kpa8jo1 | ACTION: DOCUMENT_UPLOADED | DETAILS: File: 02_certificate (1).pdf.encrypted
[2025-10-14 19:55:42] UID: 47a97NRf1wSoq4a63fZN8Kpa8jo1 | ACTION: DOCUMENT_UPLOADED | DETAILS: File: 02_certificate (1).pdf.encrypted
[2025-10-14 19:55:51] UID: 47a97NRf1wSoq4a63fZN8Kpa8jo1 | ACTION: DOCUMENT_UPLOADED | DETAILS: File: 02_preliminary pages (2).pdf.encrypted
[2025-10-14 19:55:53] UID: 47a97NRf1wSoq4a63fZN8Kpa8jo1 | ACTION: AI_ANALYSIS_COMPLETED | DETAILS: Doc: GENUINE, Sig(Old): GENUINE_SIGNATURE
[2025-10-14 19:58:20] UID: 47a97NRf1wSoq4a63fZN8Kpa8jo1 | ACTION: DOCUMENT_UPLOADED | DETAILS: File: 00836244.png.encrypted
[2025-10-14 19:58:49] UID: 47a97NRf1wSoq4a63fZN8Kpa8jo1 | ACTION: DOCUMENT_UPLOADED | DETAILS: File: 00093726.png.encrypted
[2025-10-14 19:58:57] UID: 47a97NRf1wSoq4a63fZN8Kpa8jo1 | ACTION: DOCUMENT_UPLOADED | DETAILS: File: 00283813.png.encrypted
[2025-10-14 20:00:09] UID: 47a97NRf1wSoq4a63fZN8Kpa8jo1 | ACTION: DOCUMENT_UPLOADED | DETAILS: File: 0000062361.tif.encrypted
[2025-10-14 20:00:10] UID: 47a97NRf1wSoq4a63fZN8Kpa8jo1 | ACTION: AI_ANALYSIS_COMPLETED | DETAILS: Doc: GENUINE, Sig(Old): GENUINE_SIGNATURE
[2025-10-14 20:03:34] UID: 47a97NRf1wSoq4a63fZN8Kpa8jo1 | ACTION: DOCUMENT_UPLOADED | DETAILS: File: adh36e00-page2_2.png.encrypted
[2025-10-14 20:03:36] UID: 47a97NRf1wSoq4a63fZN8Kpa8jo1 | ACTION: AI_ANALYSIS_COMPLETED | DETAILS: Doc: GENUINE, Sig(Old): FORGED_SIGNATURE
[2025-10-14 20:04:01] UID: 47a97NRf1wSoq4a63fZN8Kpa8jo1 | ACTION: DOCUMENT_UPLOADED | DETAILS: File: genuine_20.png.encrypted
[2025-10-14 20:04:16] UID: 47a97NRf1wSoq4a63fZN8Kpa8jo1 | ACTION: DOCUMENT_UPLOADED | DETAILS: File: genuine_21.png.encrypted
[2025-10-14 20:04:36] UID: 47a97NRf1wSoq4a63fZN8Kpa8jo1 | ACTION: DOCUMENT_UPLOADED | DETAILS: File: genuine_14.jpg.encrypted
[2025-10-14 20:05:01] UID: 47a97NRf1wSoq4a63fZN8Kpa8jo1 | ACTION: DOCUMENT_UPLOADED | DETAILS: File: genuine_19.png.encrypted
[2025-10-14 20:05:02] UID: 47a97NRf1wSoq4a63fZN8Kpa8jo1 | ACTION: AI_ANALYSIS_COMPLETED | DETAILS: Doc: FORGED, Sig(Old): GENUINE_SIGNATURE
[2025-10-14 20:05:22] UID: 47a97NRf1wSoq4a63fZN8Kpa8jo1 | ACTION: DOCUMENT_UPLOADED | DETAILS: File: genuine_9.jpg.encrypted
[2025-10-14 20:05:39] UID: 47a97NRf1wSoq4a63fZN8Kpa8jo1 | ACTION: DOCUMENT_UPLOADED | DETAILS: File: genuine_10.jpg.encrypted
[2025-10-14 20:05:54] UID: 47a97NRf1wSoq4a63fZN8Kpa8jo1 | ACTION: DOCUMENT_UPLOADED | DETAILS: File: genuine_13.jpg.encrypted
[2025-10-14 20:05:55] UID: 47a97NRf1wSoq4a63fZN8Kpa8jo1 | ACTION: AI_ANALYSIS_COMPLETED | DETAILS: Doc: FORGED, Sig(Old): GENUINE_SIGNATURE
[2025-10-14 20:06:18] UID: 47a97NRf1wSoq4a63fZN8Kpa8jo1 | ACTION: DOCUMENT_UPLOADED | DETAILS: File: genuine_15.png.encrypted
[2025-10-14 20:06:45] UID: 47a97NRf1wSoq4a63fZN8Kpa8jo1 | ACTION: DOCUMENT_UPLOADED | DETAILS: File: genuine_18.jpg.encrypted
[2025-10-14 20:07:06] UID: 47a97NRf1wSoq4a63fZN8Kpa8jo1 | ACTION: DOCUMENT_UPLOADED | DETAILS: File: genuine_28.jpg.encrypted
[2025-10-14 20:07:45] UID: 47a97NRf1wSoq4a63fZN8Kpa8jo1 | ACTION: DOCUMENT_UPLOADED | DETAILS: File: genuine_12.jpg.encrypted
[2025-10-14 20:08:04] UID: 47a97NRf1wSoq4a63fZN8Kpa8jo1 | ACTION: DOCUMENT_UPLOADED | DETAILS: File: genuine_20.png.encrypted
[2025-10-14 20:08:16] UID: 47a97NRf1wSoq4a63fZN8Kpa8jo1 | ACTION: DOCUMENT_UPLOADED | DETAILS: File: genuine_19.png.encrypted
[2025-10-14 20:08:17] UID: 47a97NRf1wSoq4a63fZN8Kpa8jo1 | ACTION: AI_ANALYSIS_COMPLETED | DETAILS: Doc: FORGED, Sig(Old): GENUINE_SIGNATURE
[2025-10-14 20:08:48] UID: 47a97NRf1wSoq4a63fZN8Kpa8jo1 | ACTION: DOCUMENT_UPLOADED | DETAILS: File: Tendernotice_1 (3).pdf.encrypted
[2025-10-14 20:09:03] UID: 47a97NRf1wSoq4a63fZN8Kpa8jo1 | ACTION: DOCUMENT_UPLOADED | DETAILS: File: Tendernotice_1 (3).pdf.encrypted
[2025-10-14 20:09:04] UID: 47a97NRf1wSoq4a63fZN8Kpa8jo1 | ACTION: AI_ANALYSIS_COMPLETED | DETAILS: Doc: FORGED, Sig(Old): GENUINE_SIGNATURE
[2025-10-14 20:09:24] UID: 47a97NRf1wSoq4a63fZN8Kpa8jo1 | ACTION: DOCUMENT_UPLOADED | DETAILS: File: genuine_25.jpg.encrypted
[2025-10-14 20:09:40] UID: 47a97NRf1wSoq4a63fZN8Kpa8jo1 | ACTION: DOCUMENT_UPLOADED | DETAILS: File: genuine_26.png.encrypted
[2025-10-14 20:09:41] UID: 47a97NRf1wSoq4a63fZN8Kpa8jo1 | ACTION: AI_ANALYSIS_COMPLETED | DETAILS: Doc: GENUINE, Sig(Old): GENUINE_SIGNATURE
[2025-10-14 20:11:31] UID: 47a97NRf1wSoq4a63fZN8Kpa8jo1 | ACTION: DOCUMENT_UPLOADED | DETAILS: File: genuine_29.png.encrypted
[2025-10-14 20:11:47] UID: 47a97NRf1wSoq4a63fZN8Kpa8jo1 | ACTION: DOCUMENT_UPLOADED | DETAILS: File: genuine_18.png.encrypted
[2025-10-14 20:11:48] UID: 47a97NRf1wSoq4a63fZN8Kpa8jo1 | ACTION: AI_ANALYSIS_COMPLETED | DETAILS: Doc: FORGED, Sig(Old): GENUINE_SIGNATURE
[2025-10-14 20:12:08] UID: 47a97NRf1wSoq4a63fZN8Kpa8jo1 | ACTION: DOCUMENT_UPLOADED | DETAILS: File: genuine_29.jpg.encrypted
[2025-10-14 20:12:29] UID: 47a97NRf1wSoq4a63fZN8Kpa8jo1 | ACTION: DOCUMENT_UPLOADED | DETAILS: File: genuine_10.jpg.encrypted
[2025-10-14 20:12:47] UID: 47a97NRf1wSoq4a63fZN8Kpa8jo1 | ACTION: DOCUMENT_UPLOADED | DETAILS: File: 02_preliminary pages(8)_page_1.png.encrypted
[2025-10-14 20:13:09] UID: 47a97NRf1wSoq4a63fZN8Kpa8jo1 | ACTION: DOCUMENT_UPLOADED | DETAILS: File: Tendernotice_1 (5).pdf.encrypted
[2025-10-14 20:13:10] UID: 47a97NRf1wSoq4a63fZN8Kpa8jo1 | ACTION: AI_ANALYSIS_COMPLETED | DETAILS: Doc: FORGED, Sig(Old): FORGED_SIGNATURE
[2025-10-14 20:13:38] UID: 47a97NRf1wSoq4a63fZN8Kpa8jo1 | ACTION: DOCUMENT_UPLOADED | DETAILS: File: 02_preliminary pages (6).pdf.encrypted
[2025-10-14 20:13:40] UID: 47a97NRf1wSoq4a63fZN8Kpa8jo1 | ACTION: AI_ANALYSIS_COMPLETED | DETAILS: Doc: FORGED, Sig(Old): GENUINE_SIGNATURE
[2025-10-14 20:13:46] UID: 47a97NRf1wSoq4a63fZN8Kpa8jo1 | ACTION: DOCUMENT_DOWNLOADED | DETAILS: File: 02_preliminary pages (6).pdf.encrypted
[2025-10-14 20:14:03] UID: 47a97NRf1wSoq4a63fZN8Kpa8jo1 | ACTION: DOCUMENT_UPLOADED | DETAILS: File: 02_preliminary pages(7)_page_1.png.encrypted
[2025-10-14 20:14:31] UID: 47a97NRf1wSoq4a63fZN8Kpa8jo1 | ACTION: DOCUMENT_UPLOADED | DETAILS: File: 02_certificate (2).pdf.encrypted
[2025-10-14 20:14:44] UID: 47a97NRf1wSoq4a63fZN8Kpa8jo1 | ACTION: DOCUMENT_UPLOADED | DETAILS: File: 02_preliminary pages (3).pdf.encrypted
[2025-10-14 20:14:47] UID: 47a97NRf1wSoq4a63fZN8Kpa8jo1 | ACTION: AI_ANALYSIS_COMPLETED | DETAILS: Doc: FORGED, Sig(Old): GENUINE_SIGNATURE
[2025-10-14 20:17:13] UID: 47a97NRf1wSoq4a63fZN8Kpa8jo1 | ACTION: DOCUMENT_UPLOADED | DETAILS: File: 01073843.png.encrypted
[2025-10-14 20:18:32] UID: 47a97NRf1wSoq4a63fZN8Kpa8jo1 | ACTION: DOCUMENT_UPLOADED | DETAILS: File: 0001456787.png.encrypted
[2025-10-14 20:18:47] UID: 47a97NRf1wSoq4a63fZN8Kpa8jo1 | ACTION: DOCUMENT_UPLOADED | DETAILS: File: adh36e00_2.png.encrypted
[2025-10-14 20:18:49] UID: 47a97NRf1wSoq4a63fZN8Kpa8jo1 | ACTION: AI_ANALYSIS_COMPLETED | DETAILS: Doc: GENUINE, Sig(Old): FORGED_SIGNATURE
[2025-10-14 20:19:02] UID: 47a97NRf1wSoq4a63fZN8Kpa8jo1 | ACTION: DOCUMENT_UPLOADED | DETAILS: File: aki32e00.png.encrypted
[2025-10-14 20:19:03] UID: 47a97NRf1wSoq4a63fZN8Kpa8jo1 | ACTION: AI_ANALYSIS_COMPLETED | DETAILS: Doc: FORGED, Sig(Old): FORGED_SIGNATURE
[2025-10-14 20:20:17] UID: 47a97NRf1wSoq4a63fZN8Kpa8jo1 | ACTION: DOCUMENT_UPLOADED | DETAILS: File: alk3aa00.png.encrypted
[2025-10-14 20:20:19] UID: 47a97NRf1wSoq4a63fZN8Kpa8jo1 | ACTION: AI_ANALYSIS_COMPLETED | DETAILS: Doc: FORGED, Sig(Old): GENUINE_SIGNATURE
[2025-10-14 20:20:32] UID: 47a97NRf1wSoq4a63fZN8Kpa8jo1 | ACTION: DOCUMENT_UPLOADED | DETAILS: File: anv39d00.png.encrypted
[2025-10-14 20:20:34] UID: 47a97NRf1wSoq4a63fZN8Kpa8jo1 | ACTION: AI_ANALYSIS_COMPLETED | DETAILS: Doc: GENUINE, Sig(Old): FORGED_SIGNATURE
[2025-10-14 20:21:13] UID: 47a97NRf1wSoq4a63fZN8Kpa8jo1 | ACTION: DOCUMENT_UPLOADED | DETAILS: File: cjx9aa00.png.encrypted
[2025-10-14 20:21:15] UID: 47a97NRf1wSoq4a63fZN8Kpa8jo1 | ACTION: AI_ANALYSIS_COMPLETED | DETAILS: Doc: FORGED, Sig(Old): GENUINE_SIGNATURE
[2025-10-14 20:21:49] UID: 47a97NRf1wSoq4a63fZN8Kpa8jo1 | ACTION: DOCUMENT_UPLOADED | DETAILS: File: cmw44e00.png.encrypted
[2025-10-14 20:21:51] UID: 47a97NRf1wSoq4a63fZN8Kpa8jo1 | ACTION: AI_ANALYSIS_COMPLETED | DETAILS: Doc: FORGED, Sig(Old): FORGED_SIGNATURE
[2025-10-14 20:23:23] UID: 47a97NRf1wSoq4a63fZN8Kpa8jo1 | ACTION: DOCUMENT_UPLOADED | DETAILS: File: bat60e00.png.encrypted
[2025-10-14 20:23:24] UID: 47a97NRf1wSoq4a63fZN8Kpa8jo1 | ACTION: AI_ANALYSIS_COMPLETED | DETAILS: Doc: FORGED, Sig(Old): GENUINE_SIGNATURE
[2025-10-14 20:23:41] UID: 47a97NRf1wSoq4a63fZN8Kpa8jo1 | ACTION: DOCUMENT_UPLOADED | DETAILS: File: btu54a00.png.encrypted
[2025-10-14 20:23:42] UID: 47a97NRf1wSoq4a63fZN8Kpa8jo1 | ACTION: AI_ANALYSIS_COMPLETED | DETAILS: Doc: FORGED, Sig(Old): GENUINE_SIGNATURE
[2025-10-14 20:24:09] UID: 47a97NRf1wSoq4a63fZN8Kpa8jo1 | ACTION: DOCUMENT_UPLOADED | DETAILS: File: zvs17e00.png.encrypted
[2025-10-14 20:24:11] UID: 47a97NRf1wSoq4a63fZN8Kpa8jo1 | ACTION: AI_ANALYSIS_COMPLETED | DETAILS: Doc: GENUINE, Sig(Old): FORGED_SIGNATURE
[2025-10-14 20:24:38] UID: 47a97NRf1wSoq4a63fZN8Kpa8jo1 | ACTION: DOCUMENT_UPLOADED | DETAILS: File: cdp7aa00-var.png.encrypted
[2025-10-14 20:24:39] UID: 47a97NRf1wSoq4a63fZN8Kpa8jo1 | ACTION: AI_ANALYSIS_COMPLETED | DETAILS: Doc: FORGED, Sig(Old): GENUINE_SIGNATURE
[2025-10-14 20:25:18] UID: 47a97NRf1wSoq4a63fZN8Kpa8jo1 | ACTION: DOCUMENT_UPLOADED | DETAILS: File: cji44a00.png.encrypted
[2025-10-14 20:25:43] UID: 47a97NRf1wSoq4a63fZN8Kpa8jo1 | ACTION: DOCUMENT_UPLOADED | DETAILS: File: bfk68c00-page03_3.png.encrypted
[2025-10-14 20:25:44] UID: 47a97NRf1wSoq4a63fZN8Kpa8jo1 | ACTION: AI_ANALYSIS_COMPLETED | DETAILS: Doc: FORGED, Sig(Old): FORGED_SIGNATURE
[2025-10-14 20:28:30] UID: 47a97NRf1wSoq4a63fZN8Kpa8jo1 | ACTION: DOCUMENT_UPLOADED | DETAILS: File: dfm53d00.png.encrypted
[2025-10-14 20:28:32] UID: 47a97NRf1wSoq4a63fZN8Kpa8jo1 | ACTION: AI_ANALYSIS_COMPLETED | DETAILS: Doc: FORGED, Sig(Old): GENUINE_SIGNATURE
[2025-10-14 20:29:22] UID: 47a97NRf1wSoq4a63fZN8Kpa8jo1 | ACTION: DOCUMENT_UPLOADED | DETAILS: File: enj41f00.png.encrypted
[2025-10-14 20:29:23] UID: 47a97NRf1wSoq4a63fZN8Kpa8jo1 | ACTION: AI_ANALYSIS_COMPLETED | DETAILS: Doc: FORGED, Sig(Old): GENUINE_SIGNATURE
[2025-10-14 20:29:43] UID: 47a97NRf1wSoq4a63fZN8Kpa8jo1 | ACTION: DOCUMENT_UPLOADED | DETAILS: File: eat60e00.png.encrypted
[2025-10-14 20:29:45] UID: 47a97NRf1wSoq4a63fZN8Kpa8jo1 | ACTION: AI_ANALYSIS_COMPLETED | DETAILS: Doc: FORGED, Sig(Old): GENUINE_SIGNATURE
[2025-10-14 20:39:51] UID: 47a97NRf1wSoq4a63fZN8Kpa8jo1 | ACTION: DOCUMENT_UPLOADED | DETAILS: File: cio55e00-page02-variant_2.png.encrypted
[2025-10-14 20:39:53] UID: 47a97NRf1wSoq4a63fZN8Kpa8jo1 | ACTION: AI_ANALYSIS_COMPLETED | DETAILS: Doc: FORGED, Sig(Old): GENUINE_SIGNATURE
[2025-10-14 20:42:03] UID: 47a97NRf1wSoq4a63fZN8Kpa8jo1 | ACTION: DOCUMENT_UPLOADED | DETAILS: File: WhatsApp Image 2025-10-14 at 8.41.39 PM.jpeg.encrypted
[2025-10-14 20:45:04] UID: 47a97NRf1wSoq4a63fZN8Kpa8jo1 | ACTION: DOCUMENT_UPLOADED | DETAILS: File: genuine_27.png.encrypted
[2025-10-14 20:45:15] UID: 47a97NRf1wSoq4a63fZN8Kpa8jo1 | ACTION: AI_ANALYSIS_COMPLETED | DETAILS: Doc: FORGED, Sig(Old): FORGED_SIGNATURE
[2025-10-14 20:45:31] UID: 47a97NRf1wSoq4a63fZN8Kpa8jo1 | ACTION: DOCUMENT_UPLOADED | DETAILS: File: genuine_25 (1).png.encrypted
[2025-10-14 20:45:32] UID: 47a97NRf1wSoq4a63fZN8Kpa8jo1 | ACTION: AI_ANALYSIS_COMPLETED | DETAILS: Doc: FORGED, Sig(Old): GENUINE_SIGNATURE
[2025-10-14 20:45:56] UID: 47a97NRf1wSoq4a63fZN8Kpa8jo1 | ACTION: DOCUMENT_UPLOADED | DETAILS: File: genuine_31.jpg.encrypted
[2025-10-14 20:46:08] UID: 47a97NRf1wSoq4a63fZN8Kpa8jo1 | ACTION: DOCUMENT_UPLOADED | DETAILS: File: genuine_24.png.encrypted
[2025-10-14 20:46:19] UID: 47a97NRf1wSoq4a63fZN8Kpa8jo1 | ACTION: DOCUMENT_UPLOADED | DETAILS: File: genuine_17.png.encrypted
[2025-10-14 20:46:29] UID: 47a97NRf1wSoq4a63fZN8Kpa8jo1 | ACTION: DOCUMENT_UPLOADED | DETAILS: File: genuine_11.png.encrypted
[2025-10-14 20:46:37] UID: 47a97NRf1wSoq4a63fZN8Kpa8jo1 | ACTION: DOCUMENT_UPLOADED | DETAILS: File: genuine_20.png.encrypted
[2025-10-14 20:46:47] UID: 47a97NRf1wSoq4a63fZN8Kpa8jo1 | ACTION: DOCUMENT_UPLOADED | DETAILS: File: genuine_17.jpg.encrypted
[2025-10-14 20:47:00] UID: 47a97NRf1wSoq4a63fZN8Kpa8jo1 | ACTION: DOCUMENT_UPLOADED | DETAILS: File: genuine_3.jpg.encrypted
[2025-10-14 20:47:01] UID: 47a97NRf1wSoq4a63fZN8Kpa8jo1 | ACTION: AI_ANALYSIS_COMPLETED | DETAILS: Doc: FORGED, Sig(Old): FORGED_SIGNATURE
[2025-10-14 20:47:19] UID: 47a97NRf1wSoq4a63fZN8Kpa8jo1 | ACTION: DOCUMENT_UPLOADED | DETAILS: File: genuine_25.png.encrypted
[2025-10-14 20:47:21] UID: 47a97NRf1wSoq4a63fZN8Kpa8jo1 | ACTION: AI_ANALYSIS_COMPLETED | DETAILS: Doc: FORGED, Sig(Old): GENUINE_SIGNATURE
[2025-10-14 20:47:35] UID: 47a97NRf1wSoq4a63fZN8Kpa8jo1 | ACTION: DOCUMENT_UPLOADED | DETAILS: File: genuine_13.jpg.encrypted
[2025-10-14 20:47:36] UID: 47a97NRf1wSoq4a63fZN8Kpa8jo1 | ACTION: AI_ANALYSIS_COMPLETED | DETAILS: Doc: FORGED, Sig(Old): GENUINE_SIGNATURE
[2025-10-14 20:48:35] UID: 47a97NRf1wSoq4a63fZN8Kpa8jo1 | ACTION: DOCUMENT_UPLOADED | DETAILS: File: genuine_4.jpg.encrypted
[2025-10-14 20:48:36] UID: 47a97NRf1wSoq4a63fZN8Kpa8jo1 | ACTION: AI_ANALYSIS_COMPLETED | DETAILS: Doc: FORGED, Sig(Old): GENUINE_SIGNATURE
[2025-10-14 20:49:12] UID: 47a97NRf1wSoq4a63fZN8Kpa8jo1 | ACTION: DOCUMENT_UPLOADED | DETAILS: File: 02_preliminary pages.pdf.encrypted
[2025-10-14 20:49:26] UID: 47a97NRf1wSoq4a63fZN8Kpa8jo1 | ACTION: DOCUMENT_UPLOADED | DETAILS: File: 02_preliminary pages (7).pdf.encrypted
[2025-10-14 20:49:42] UID: 47a97NRf1wSoq4a63fZN8Kpa8jo1 | ACTION: DOCUMENT_UPLOADED | DETAILS: File: genuine_18.jpg.encrypted
[2025-10-14 20:49:55] UID: 47a97NRf1wSoq4a63fZN8Kpa8jo1 | ACTION: DOCUMENT_UPLOADED | DETAILS: File: 02_preliminary pages(6)_page_1.png.encrypted
[2025-10-14 20:50:40] UID: 47a97NRf1wSoq4a63fZN8Kpa8jo1 | ACTION: DOCUMENT_UPLOADED | DETAILS: File: Shakthi Nandha S (1).pdf.encrypted
[2025-10-14 20:50:52] UID: 47a97NRf1wSoq4a63fZN8Kpa8jo1 | ACTION: DOCUMENT_UPLOADED | DETAILS: File: genuine_31.jpg.encrypted
[2025-10-14 20:50:55] UID: 47a97NRf1wSoq4a63fZN8Kpa8jo1 | ACTION: DOCUMENT_DOWNLOADED | DETAILS: File: genuine_31.jpg.encrypted
[2025-10-14 20:51:07] UID: 47a97NRf1wSoq4a63fZN8Kpa8jo1 | ACTION: DOCUMENT_UPLOADED | DETAILS: File: 02_preliminary pages(7)_page_2.png.encrypted
[2025-10-14 20:53:10] UID: 47a97NRf1wSoq4a63fZN8Kpa8jo1 | ACTION: DOCUMENT_UPLOADED | DETAILS: File: genuine_3.png.encrypted
[2025-10-14 20:53:11] UID: 47a97NRf1wSoq4a63fZN8Kpa8jo1 | ACTION: AI_ANALYSIS_COMPLETED | DETAILS: Doc: FORGED, Sig(Old): GENUINE_SIGNATURE
[2025-10-14 20:54:00] UID: 47a97NRf1wSoq4a63fZN8Kpa8jo1 | ACTION: KEY_RETRIEVED | DETAILS: Key created/retrieved. Key snippet: d6a48d8d...
[2025-10-14 20:54:01] UID: 47a97NRf1wSoq4a63fZN8Kpa8jo1 | ACTION: SESSION_TERMINATED | DETAILS: Session terminated. Key file destroyed.
[2025-10-14 21:22:05] UID: 47a97NRf1wSoq4a63fZN8Kpa8jo1 | ACTION: KEY_GENERATED | DETAILS: Key created/retrieved. Key snippet: 938a487b...
[2025-10-14 21:22:21] UID: 47a97NRf1wSoq4a63fZN8Kpa8jo1 | ACTION: DOCUMENT_UPLOADED | DETAILS: File: 02_preliminary pages(4)_page_2.png.encrypted
[2025-10-14 21:22:23] UID: 47a97NRf1wSoq4a63fZN8Kpa8jo1 | ACTION: AI_ANALYSIS_COMPLETED | DETAILS: Doc: FORGED, Sig(Old): FORGED_SIGNATURE
[2025-10-14 21:24:12] UID: 47a97NRf1wSoq4a63fZN8Kpa8jo1 | ACTION: KEY_RETRIEVED | DETAILS: Key created/retrieved. Key snippet: 938a487b...
[2025-10-14 21:24:17] UID: 47a97NRf1wSoq4a63fZN8Kpa8jo1 | ACTION: SESSION_TERMINATED | DETAILS: Session terminated. Key file destroyed.
[2025-10-15 09:50:57] UID: 47a97NRf1wSoq4a63fZN8Kpa8jo1 | ACTION: KEY_GENERATED | DETAILS: Key created/retrieved. Key snippet: 74a50e57...
[2025-10-15 09:51:10] UID: 47a97NRf1wSoq4a63fZN8Kpa8jo1 | ACTION: DOCUMENT_UPLOADED | DETAILS: File: genuine_26.png.encrypted
[2025-10-15 09:51:13] UID: 47a97NRf1wSoq4a63fZN8Kpa8jo1 | ACTION: AI_ANALYSIS_COMPLETED | DETAILS: Doc: GENUINE, Sig(Old): GENUINE_SIGNATURE
[2025-10-15 09:53:42] UID: 47a97NRf1wSoq4a63fZN8Kpa8jo1 | ACTION: KEY_RETRIEVED | DETAILS: Key created/retrieved. Key snippet: 74a50e57...
[2025-10-15 09:53:54] UID: 47a97NRf1wSoq4a63fZN8Kpa8jo1 | ACTION: SESSION_TERMINATED | DETAILS: Session terminated. Key file destroyed.
[2025-10-15 10:02:10] UID: 47a97NRf1wSoq4a63fZN8Kpa8jo1 | ACTION: KEY_GENERATED | DETAILS: Key created/retrieved. Key snippet: 07bab6fe...
[2025-10-15 10:02:33] UID: 47a97NRf1wSoq4a63fZN8Kpa8jo1 | ACTION: DOCUMENT_UPLOADED | DETAILS: File: 02_certificate (5).pdf.encrypted
[2025-10-15 10:02:36] UID: 47a97NRf1wSoq4a63fZN8Kpa8jo1 | ACTION: AI_ANALYSIS_COMPLETED | DETAILS: Doc: GENUINE, Sig(Old): GENUINE_SIGNATURE
[2025-10-15 10:02:55] UID: 47a97NRf1wSoq4a63fZN8Kpa8jo1 | ACTION: KEY_RETRIEVED | DETAILS: Key created/retrieved. Key snippet: 07bab6fe...
[2025-10-15 12:04:16] UID: 47a97NRf1wSoq4a63fZN8Kpa8jo1 | ACTION: KEY_RETRIEVED | DETAILS: Key created/retrieved. Key snippet: 07bab6fe...
[2025-10-15 12:04:36] UID: 47a97NRf1wSoq4a63fZN8Kpa8jo1 | ACTION: DOCUMENT_UPLOADED | DETAILS: File: genuine_3.jpg.encrypted
[2025-10-15 12:04:37] UID: 47a97NRf1wSoq4a63fZN8Kpa8jo1 | ACTION: AI_ANALYSIS_COMPLETED | DETAILS: Doc: FORGED, Sig(Old): FORGED_SIGNATURE
[2025-10-15 12:04:55] UID: 47a97NRf1wSoq4a63fZN8Kpa8jo1 | ACTION: DOCUMENT_UPLOADED | DETAILS: File: genuine_27.png.encrypted
[2025-10-15 12:04:55] UID: 47a97NRf1wSoq4a63fZN8Kpa8jo1 | ACTION: AI_ANALYSIS_COMPLETED | DETAILS: Doc: FORGED, Sig(Old): FORGED_SIGNATURE
[2025-12-15 11:11:39] UID: vqp5IqoS2OW1TW0UTZtjM9lNuFy2 | ACTION: KEY_GENERATED | DETAILS: Key created/retrieved. Key snippet: 42cbce58...
[2025-12-15 11:11:57] UID: vqp5IqoS2OW1TW0UTZtjM9lNuFy2 | ACTION: DOCUMENT_UPLOADED | DETAILS: File: gsa_LAK07151-Lease-_Z-02.png.encrypted
[2025-12-15 11:12:01] UID: vqp5IqoS2OW1TW0UTZtjM9lNuFy2 | ACTION: AI_ANALYSIS_COMPLETED | DETAILS: Doc: GENUINE, Sig(Old): GENUINE_SIGNATURE
[2025-12-15 11:33:32] UID: vqp5IqoS2OW1TW0UTZtjM9lNuFy2 | ACTION: KEY_RETRIEVED | DETAILS: Key created/retrieved. Key snippet: 42cbce58...
[2025-12-15 11:33:40] UID: vqp5IqoS2OW1TW0UTZtjM9lNuFy2 | ACTION: DOCUMENT_UPLOADED | DETAILS: File: 02_preliminary pages(4)_page_2.png.encrypted
[2025-12-15 11:33:42] UID: vqp5IqoS2OW1TW0UTZtjM9lNuFy2 | ACTION: AI_ANALYSIS_COMPLETED | DETAILS: Doc: FORGED, Sig(Old): FORGED_SIGNATURE
[2025-12-15 11:43:09] UID: vqp5IqoS2OW1TW0UTZtjM9lNuFy2 | ACTION: KEY_RETRIEVED | DETAILS: Key created/retrieved. Key snippet: 42cbce58...
[2025-12-15 11:48:36] UID: vqp5IqoS2OW1TW0UTZtjM9lNuFy2 | ACTION: KEY_RETRIEVED | DETAILS: Key created/retrieved. Key snippet: 42cbce58...
[2025-12-15 11:50:21] UID: vqp5IqoS2OW1TW0UTZtjM9lNuFy2 | ACTION: KEY_RETRIEVED | DETAILS: Key created/retrieved. Key snippet: 42cbce58...
[2025-12-15 12:02:36] UID: vqp5IqoS2OW1TW0UTZtjM9lNuFy2 | ACTION: KEY_RETRIEVED | DETAILS: Key created/retrieved. Key snippet: 42cbce58...
[2025-12-15 12:07:36] UID: vqp5IqoS2OW1TW0UTZtjM9lNuFy2 | ACTION: KEY_RETRIEVED | DETAILS: Key created/retrieved. Key snippet: 42cbce58...
[2025-12-15 21:57:54] UID: vqp5IqoS2OW1TW0UTZtjM9lNuFy2 | ACTION: KEY_RETRIEVED | DETAILS: Key created/retrieved. Key snippet: 42cbce58...
[2025-12-30 18:48:23] UID: Mxm0jiw84xScDguAFFuS6qSTKKL2 | ACTION: KEY_GENERATED | DETAILS: Key created/retrieved. Key snippet: f3ea0e04...
[2025-12-30 18:48:35] UID: Mxm0jiw84xScDguAFFuS6qSTKKL2 | ACTION: KEY_RETRIEVED | DETAILS: Key created/retrieved. Key snippet: f3ea0e04...
[2025-12-30 18:48:59] UID: Mxm0jiw84xScDguAFFuS6qSTKKL2 | ACTION: DOCUMENT_UPLOADED | DETAILS: File: 02_preliminary pages(4)_page_2.png.encrypted
[2025-12-30 18:49:04] UID: Mxm0jiw84xScDguAFFuS6qSTKKL2 | ACTION: AI_ANALYSIS_COMPLETED | DETAILS: Doc: FORGED, Sig(Old): FORGED_SIGNATURE
